##ALL PROOF FOR ISO_STRATCONTROL_GLITCH TYPE
##Category-Header: Normal Paths (34)
Start-of com0/cmnlogic/cmn_suswell/isolation_en_h
[Info] REPORT_TRACE_PATHS_HEADER: path info:
 Point                                                                                                     Type        
 ---------------------------------------------------------------------------------------------------- ------------
 com0/cmnlogic/cmn_suswell/I_AND_isolation_en_h/OUT                                                                                                    BITWISE_AND 
 com0/cmnlogic/cmn_suswell/I_BNOT_N_27/OUT                                                                                                     BITWISE_NOT 
 com0/cmnlogic/cmn_suswell/i_dfx_fscan_mode                                                                                                     input pin   
 com0/cmnlogic/cmn_vnnaonwell/o_dfx_fscan_mode_prot                                                                                                    output pin  
 com0/cmnlogic/cmn_vnnaonwell/bi_scan_disable/o_dfx_fscan_mode_prot                                                                                    output pin  
 com0/cmnlogic/cmn_vnnaonwell/bi_scan_disable/dfx_fscan_mode_bi_prot/o                                                                                 output pin  
 com0/cmnlogic/cmn_vnnaonwell/bi_scan_disable/dfx_fscan_mode_bi_prot/ctech_lib_clk_and_inst/clkout                                                     output pin  
 com0/cmnlogic/cmn_vnnaonwell/bi_scan_disable/dfx_fscan_mode_bi_prot/ctech_lib_clk_and_inst/ctech_lib_clk_and_dcszo2/clkout                            output pin  
 com0/cmnlogic/cmn_vnnaonwell/bi_scan_disable/dfx_fscan_mode_bi_prot/ctech_lib_clk_and_inst/ctech_lib_clk_and_dcszo2/ctech_lib_clk_inv_dcszo1/clkout   INVERTER    
 com0/cmnlogic/cmn_vnnaonwell/bi_scan_disable/dfx_fscan_mode_bi_prot/ctech_lib_clk_and_inst/ctech_lib_clk_and_dcszo1/clkout                            output pin  
 com0/cmnlogic/cmn_vnnaonwell/bi_scan_disable/dfx_fscan_mode_bi_prot/ctech_lib_clk_and_inst/ctech_lib_clk_and_dcszo1/ctech_lib_clk_nand_dcszo1/clkout  NAND        
 com0/cmnlogic/cmn_vnnaonwell/bi_scan_disable/I_BNOT_dfx_bi_mode_b/OUT                                                                                 BITWISE_NOT 
 com0/cmnlogic/cmn_vnnaonwell/bi_scan_disable/I_OR_dfx_bi_mode/OUT                                                                                     BITWISE_OR  
 com0/cmnlogic/cmn_vnnaonwell/bi_scan_disable/I_AND_N_13/OUT                                                                                           BITWISE_AND 
 com0/cmnlogic/cmn_vnnaonwell/bi_scan_disable/I_BNOT_N_12/OUT                                                                                          BITWISE_NOT 
 com0/cmnlogic/i_cmn_dfx_ug/o_enable_scan_isolation                                                                                                    output pin  
 com0/cmnlogic/i_cmn_dfx_ug/cmn_dfxmaster_sus/o_enable_scan_isolation                                                                                  output pin  
 com0/cmnlogic/i_cmn_dfx_ug/cmn_dfxmaster_sus/tap_sus_cfg_datareg/pdataout[28]                                                                         output pin  
 com0/cmnlogic/i_cmn_dfx_ug/cmn_dfxmaster_sus/tap_sus_cfg_datareg/pdataout/Q[28]                                                                       SEQ_FF      
----------------------------------------------------------------------
Elements-Family com0/cmnlogic/cmn_suswell/isolation_en_h%com0/cmn_sus/cmn_diggt_to_sus_and%com0/cmnlogic/cmn_suswell/os_dg_isolation_en_h
Elements-Family com0/cmnlogic/cmn_suswell/isolation_en_h%com0/cmn_ugt/cldiggt_to_dl_and_iso%com0/cmnlogic/cmn_vnnaonwell/oa_dg_isolation_en_h
Elements-Family com0/cmnlogic/cmn_suswell/isolation_en_h%com0/cmn_ugt_socside_out/cl_and_iso_core_out_dig%com0/cmnlogic/core_out_els/o_dig_isolation_en
Elements-Family com0/cmnlogic/cmn_suswell/isolation_en_h%com0/cmn_ramsus_uc1_ram0/cmn_diggt_to_ramsus_and_uc1_ram0_no_lkf%com0/cmnlogic/uc_unit/ramwrap/uc_ramwrap_iso_inst/o_diggt_to_ram_isolation_en
Elements-Family com0/cmnlogic/cmn_suswell/isolation_en_h%com0/cmn_ramsus_uc1_ram1/cmn_diggt_to_ramsus_and_uc1_ram1%com0/cmnlogic/uc_unit/ramwrap/uc_ramwrap_iso_inst1/o_diggt_to_ram_isolation_en
Elements-Family com0/cmnlogic/cmn_suswell/isolation_en_h%com0/cmn_ramsus_uc1_ram0/cmn_diggt_to_ramsus_and_uc1_ram0%com0/cmnlogic/uc_unit/uc_iso_inst/o_diggt_to_ram_isolation_en
Elements-Family com0/cmnlogic/cmn_suswell/isolation_en_h%com0/cmn_ramsus_uc2/cmn_diggt_to_ramsus_and_uc2_ram0%com0/cmnlogic/uc_unit_x16/ramwrap/uc_ramwrap_iso_inst/o_diggt_to_ram_isolation_en
Elements-Family com0/cmnlogic/cmn_suswell/isolation_en_h%com0/cmn_ramsus_uc2/cmn_diggt_to_ramsus_and_uc2_ram1%com0/cmnlogic/uc_unit_x16/ramwrap/uc_ramwrap_iso_inst1/o_diggt_to_ram_isolation_en
Elements-Family com0/cmnlogic/cmn_suswell/isolation_en_h%com0/cmn_ramsus_uc2/cmn_diggt_to_ramsus_and_uc2%com0/cmnlogic/uc_unit_x16/uc_iso_inst/o_diggt_to_ram_isolation_en
End-of com0/cmnlogic/cmn_suswell/isolation_en_h driver


Start-of lane_11/pcs_acu_glue/acu_top0/acu_suswell_top0/acu_suswell_pwrctrl0/os_dig_isolation_en_h
[Info] REPORT_TRACE_PATHS_HEADER: path info:
 Point                                                                                                 Type        
 ----------------------------------------------------------------------------------------------------- ------------
 lane_11/pcs_acu_glue/acu_top0/acu_suswell_top0/acu_suswell_pwrctrl0/os_dig_isolation_en_h             output pin  
 lane_11/pcs_acu_glue/acu_top0/acu_suswell_top0/acu_suswell_pwrctrl0/I_AND_os_dig_isolation_en_h/OUT   BITWISE_AND 
 lane_11/pcs_acu_glue/acu_top0/acu_suswell_top0/acu_suswell_pwrctrl0/os_dig_isolation_en_h_pre_scan/Q  SEQ_FF      
----------------------------------------------------------------------
Elements-Family lane_11/pcs_acu_glue/acu_top0/acu_suswell_top0/acu_suswell_pwrctrl0/os_dig_isolation_en_h%lane_11/dl_ugt/and_iso_diggt_dig_out%lane_11/core_output_els/o_vccdg_isolation_en_h
Elements-Family lane_11/pcs_acu_glue/acu_top0/acu_suswell_top0/acu_suswell_pwrctrl0/os_dig_isolation_en_h%lane_11/dl_sus/dl_dig_to_sus_and_iso%lane_11/pcs_acu_glue/acu_top0/acu_suswell_top0/os_vccdg_isolation_en_h
Elements-Family lane_11/pcs_acu_glue/acu_top0/acu_suswell_top0/acu_suswell_pwrctrl0/os_dig_isolation_en_h%lane_11/dl_dig_to_ana/dl_dig_to_ana_and_iso%lane_11/pcs_acu_glue/acu_top0/acu_vnnaon_top0/oa_vccdg_isolation_en_h
End-of lane_11/pcs_acu_glue/acu_top0/acu_suswell_top0/acu_suswell_pwrctrl0/os_dig_isolation_en_h driver


Start-of lane_12/pcs_acu_glue/acu_top0/acu_suswell_top0/acu_suswell_pwrctrl0/os_dig_isolation_en_h
[Info] REPORT_TRACE_PATHS_HEADER: path info:
 Point                                                                                                 Type        
 ----------------------------------------------------------------------------------------------------- ------------
 lane_12/pcs_acu_glue/acu_top0/acu_suswell_top0/acu_suswell_pwrctrl0/os_dig_isolation_en_h             output pin  
 lane_12/pcs_acu_glue/acu_top0/acu_suswell_top0/acu_suswell_pwrctrl0/I_AND_os_dig_isolation_en_h/OUT   BITWISE_AND 
 lane_12/pcs_acu_glue/acu_top0/acu_suswell_top0/acu_suswell_pwrctrl0/os_dig_isolation_en_h_pre_scan/Q  SEQ_FF      
----------------------------------------------------------------------
Elements-Family lane_12/pcs_acu_glue/acu_top0/acu_suswell_top0/acu_suswell_pwrctrl0/os_dig_isolation_en_h%lane_12/dl_ugt/and_iso_diggt_dig_out%lane_12/core_output_els/o_vccdg_isolation_en_h
Elements-Family lane_12/pcs_acu_glue/acu_top0/acu_suswell_top0/acu_suswell_pwrctrl0/os_dig_isolation_en_h%lane_12/dl_sus/dl_dig_to_sus_and_iso%lane_12/pcs_acu_glue/acu_top0/acu_suswell_top0/os_vccdg_isolation_en_h
Elements-Family lane_12/pcs_acu_glue/acu_top0/acu_suswell_top0/acu_suswell_pwrctrl0/os_dig_isolation_en_h%lane_12/dl_dig_to_ana/dl_dig_to_ana_and_iso%lane_12/pcs_acu_glue/acu_top0/acu_vnnaon_top0/oa_vccdg_isolation_en_h
End-of lane_12/pcs_acu_glue/acu_top0/acu_suswell_top0/acu_suswell_pwrctrl0/os_dig_isolation_en_h driver


Start-of lane_10/pcs_acu_glue/acu_top0/acu_suswell_top0/acu_suswell_pwrctrl0/os_dig_isolation_en_h
[Info] REPORT_TRACE_PATHS_HEADER: path info:
 Point                                                                                                 Type        
 ----------------------------------------------------------------------------------------------------- ------------
 lane_10/pcs_acu_glue/acu_top0/acu_suswell_top0/acu_suswell_pwrctrl0/os_dig_isolation_en_h             output pin  
 lane_10/pcs_acu_glue/acu_top0/acu_suswell_top0/acu_suswell_pwrctrl0/I_AND_os_dig_isolation_en_h/OUT   BITWISE_AND 
 lane_10/pcs_acu_glue/acu_top0/acu_suswell_top0/acu_suswell_pwrctrl0/os_dig_isolation_en_h_pre_scan/Q  SEQ_FF      
----------------------------------------------------------------------
Elements-Family lane_10/pcs_acu_glue/acu_top0/acu_suswell_top0/acu_suswell_pwrctrl0/os_dig_isolation_en_h%lane_10/dl_ugt/and_iso_diggt_dig_out%lane_10/core_output_els/o_vccdg_isolation_en_h
Elements-Family lane_10/pcs_acu_glue/acu_top0/acu_suswell_top0/acu_suswell_pwrctrl0/os_dig_isolation_en_h%lane_10/dl_sus/dl_dig_to_sus_and_iso%lane_10/pcs_acu_glue/acu_top0/acu_suswell_top0/os_vccdg_isolation_en_h
Elements-Family lane_10/pcs_acu_glue/acu_top0/acu_suswell_top0/acu_suswell_pwrctrl0/os_dig_isolation_en_h%lane_10/dl_dig_to_ana/dl_dig_to_ana_and_iso%lane_10/pcs_acu_glue/acu_top0/acu_vnnaon_top0/oa_vccdg_isolation_en_h
End-of lane_10/pcs_acu_glue/acu_top0/acu_suswell_top0/acu_suswell_pwrctrl0/os_dig_isolation_en_h driver


Start-of lane_6/pcs_acu_glue/acu_top0/acu_suswell_top0/acu_suswell_pwrctrl0/os_dig_isolation_en_h
[Info] REPORT_TRACE_PATHS_HEADER: path info:
 Point                                                                                                Type        
 ---------------------------------------------------------------------------------------------------- ------------
 lane_6/pcs_acu_glue/acu_top0/acu_suswell_top0/acu_suswell_pwrctrl0/os_dig_isolation_en_h             output pin  
 lane_6/pcs_acu_glue/acu_top0/acu_suswell_top0/acu_suswell_pwrctrl0/I_AND_os_dig_isolation_en_h/OUT   BITWISE_AND 
 lane_6/pcs_acu_glue/acu_top0/acu_suswell_top0/acu_suswell_pwrctrl0/os_dig_isolation_en_h_pre_scan/Q  SEQ_FF      
----------------------------------------------------------------------
Elements-Family lane_6/pcs_acu_glue/acu_top0/acu_suswell_top0/acu_suswell_pwrctrl0/os_dig_isolation_en_h%lane_6/dl_ugt/and_iso_diggt_dig_out%lane_6/core_output_els/o_vccdg_isolation_en_h
Elements-Family lane_6/pcs_acu_glue/acu_top0/acu_suswell_top0/acu_suswell_pwrctrl0/os_dig_isolation_en_h%lane_6/dl_sus/dl_dig_to_sus_and_iso%lane_6/pcs_acu_glue/acu_top0/acu_suswell_top0/os_vccdg_isolation_en_h
Elements-Family lane_6/pcs_acu_glue/acu_top0/acu_suswell_top0/acu_suswell_pwrctrl0/os_dig_isolation_en_h%lane_6/dl_dig_to_ana/dl_dig_to_ana_and_iso%lane_6/pcs_acu_glue/acu_top0/acu_vnnaon_top0/oa_vccdg_isolation_en_h
End-of lane_6/pcs_acu_glue/acu_top0/acu_suswell_top0/acu_suswell_pwrctrl0/os_dig_isolation_en_h driver


Start-of lane_15/pcs_acu_glue/acu_top0/acu_suswell_top0/acu_suswell_pwrctrl0/os_dig_isolation_en_h
[Info] REPORT_TRACE_PATHS_HEADER: path info:
 Point                                                                                                 Type        
 ----------------------------------------------------------------------------------------------------- ------------
 lane_15/pcs_acu_glue/acu_top0/acu_suswell_top0/acu_suswell_pwrctrl0/os_dig_isolation_en_h             output pin  
 lane_15/pcs_acu_glue/acu_top0/acu_suswell_top0/acu_suswell_pwrctrl0/I_AND_os_dig_isolation_en_h/OUT   BITWISE_AND 
 lane_15/pcs_acu_glue/acu_top0/acu_suswell_top0/acu_suswell_pwrctrl0/os_dig_isolation_en_h_pre_scan/Q  SEQ_FF      
----------------------------------------------------------------------
Elements-Family lane_15/pcs_acu_glue/acu_top0/acu_suswell_top0/acu_suswell_pwrctrl0/os_dig_isolation_en_h%lane_15/dl_ugt/and_iso_diggt_dig_out%lane_15/core_output_els/o_vccdg_isolation_en_h
Elements-Family lane_15/pcs_acu_glue/acu_top0/acu_suswell_top0/acu_suswell_pwrctrl0/os_dig_isolation_en_h%lane_15/dl_sus/dl_dig_to_sus_and_iso%lane_15/pcs_acu_glue/acu_top0/acu_suswell_top0/os_vccdg_isolation_en_h
Elements-Family lane_15/pcs_acu_glue/acu_top0/acu_suswell_top0/acu_suswell_pwrctrl0/os_dig_isolation_en_h%lane_15/dl_dig_to_ana/dl_dig_to_ana_and_iso%lane_15/pcs_acu_glue/acu_top0/acu_vnnaon_top0/oa_vccdg_isolation_en_h
End-of lane_15/pcs_acu_glue/acu_top0/acu_suswell_top0/acu_suswell_pwrctrl0/os_dig_isolation_en_h driver


Start-of lane_13/pcs_acu_glue/acu_top0/acu_suswell_top0/acu_suswell_pwrctrl0/os_dig_isolation_en_h
[Info] REPORT_TRACE_PATHS_HEADER: path info:
 Point                                                                                                 Type        
 ----------------------------------------------------------------------------------------------------- ------------
 lane_13/pcs_acu_glue/acu_top0/acu_suswell_top0/acu_suswell_pwrctrl0/os_dig_isolation_en_h             output pin  
 lane_13/pcs_acu_glue/acu_top0/acu_suswell_top0/acu_suswell_pwrctrl0/I_AND_os_dig_isolation_en_h/OUT   BITWISE_AND 
 lane_13/pcs_acu_glue/acu_top0/acu_suswell_top0/acu_suswell_pwrctrl0/os_dig_isolation_en_h_pre_scan/Q  SEQ_FF      
----------------------------------------------------------------------
Elements-Family lane_13/pcs_acu_glue/acu_top0/acu_suswell_top0/acu_suswell_pwrctrl0/os_dig_isolation_en_h%lane_13/dl_ugt/and_iso_diggt_dig_out%lane_13/core_output_els/o_vccdg_isolation_en_h
Elements-Family lane_13/pcs_acu_glue/acu_top0/acu_suswell_top0/acu_suswell_pwrctrl0/os_dig_isolation_en_h%lane_13/dl_sus/dl_dig_to_sus_and_iso%lane_13/pcs_acu_glue/acu_top0/acu_suswell_top0/os_vccdg_isolation_en_h
Elements-Family lane_13/pcs_acu_glue/acu_top0/acu_suswell_top0/acu_suswell_pwrctrl0/os_dig_isolation_en_h%lane_13/dl_dig_to_ana/dl_dig_to_ana_and_iso%lane_13/pcs_acu_glue/acu_top0/acu_vnnaon_top0/oa_vccdg_isolation_en_h
End-of lane_13/pcs_acu_glue/acu_top0/acu_suswell_top0/acu_suswell_pwrctrl0/os_dig_isolation_en_h driver


Start-of lane_3/pcs_acu_glue/acu_top0/acu_suswell_top0/acu_suswell_pwrctrl0/os_dig_isolation_en_h
[Info] REPORT_TRACE_PATHS_HEADER: path info:
 Point                                                                                                Type        
 ---------------------------------------------------------------------------------------------------- ------------
 lane_3/pcs_acu_glue/acu_top0/acu_suswell_top0/acu_suswell_pwrctrl0/os_dig_isolation_en_h             output pin  
 lane_3/pcs_acu_glue/acu_top0/acu_suswell_top0/acu_suswell_pwrctrl0/I_AND_os_dig_isolation_en_h/OUT   BITWISE_AND 
 lane_3/pcs_acu_glue/acu_top0/acu_suswell_top0/acu_suswell_pwrctrl0/os_dig_isolation_en_h_pre_scan/Q  SEQ_FF      
----------------------------------------------------------------------
Elements-Family lane_3/pcs_acu_glue/acu_top0/acu_suswell_top0/acu_suswell_pwrctrl0/os_dig_isolation_en_h%lane_3/dl_ugt/and_iso_diggt_dig_out%lane_3/core_output_els/o_vccdg_isolation_en_h
Elements-Family lane_3/pcs_acu_glue/acu_top0/acu_suswell_top0/acu_suswell_pwrctrl0/os_dig_isolation_en_h%lane_3/dl_sus/dl_dig_to_sus_and_iso%lane_3/pcs_acu_glue/acu_top0/acu_suswell_top0/os_vccdg_isolation_en_h
Elements-Family lane_3/pcs_acu_glue/acu_top0/acu_suswell_top0/acu_suswell_pwrctrl0/os_dig_isolation_en_h%lane_3/dl_dig_to_ana/dl_dig_to_ana_and_iso%lane_3/pcs_acu_glue/acu_top0/acu_vnnaon_top0/oa_vccdg_isolation_en_h
End-of lane_3/pcs_acu_glue/acu_top0/acu_suswell_top0/acu_suswell_pwrctrl0/os_dig_isolation_en_h driver


Start-of lane_2/pcs_acu_glue/acu_top0/acu_suswell_top0/acu_suswell_pwrctrl0/os_dig_isolation_en_h
[Info] REPORT_TRACE_PATHS_HEADER: path info:
 Point                                                                                                Type        
 ---------------------------------------------------------------------------------------------------- ------------
 lane_2/pcs_acu_glue/acu_top0/acu_suswell_top0/acu_suswell_pwrctrl0/os_dig_isolation_en_h             output pin  
 lane_2/pcs_acu_glue/acu_top0/acu_suswell_top0/acu_suswell_pwrctrl0/I_AND_os_dig_isolation_en_h/OUT   BITWISE_AND 
 lane_2/pcs_acu_glue/acu_top0/acu_suswell_top0/acu_suswell_pwrctrl0/os_dig_isolation_en_h_pre_scan/Q  SEQ_FF      
----------------------------------------------------------------------
Elements-Family lane_2/pcs_acu_glue/acu_top0/acu_suswell_top0/acu_suswell_pwrctrl0/os_dig_isolation_en_h%lane_2/dl_ugt/and_iso_diggt_dig_out%lane_2/core_output_els/o_vccdg_isolation_en_h
Elements-Family lane_2/pcs_acu_glue/acu_top0/acu_suswell_top0/acu_suswell_pwrctrl0/os_dig_isolation_en_h%lane_2/dl_sus/dl_dig_to_sus_and_iso%lane_2/pcs_acu_glue/acu_top0/acu_suswell_top0/os_vccdg_isolation_en_h
Elements-Family lane_2/pcs_acu_glue/acu_top0/acu_suswell_top0/acu_suswell_pwrctrl0/os_dig_isolation_en_h%lane_2/dl_dig_to_ana/dl_dig_to_ana_and_iso%lane_2/pcs_acu_glue/acu_top0/acu_vnnaon_top0/oa_vccdg_isolation_en_h
End-of lane_2/pcs_acu_glue/acu_top0/acu_suswell_top0/acu_suswell_pwrctrl0/os_dig_isolation_en_h driver


Start-of lane_1/pcs_acu_glue/acu_top0/acu_suswell_top0/acu_suswell_pwrctrl0/os_dig_isolation_en_h
[Info] REPORT_TRACE_PATHS_HEADER: path info:
 Point                                                                                                Type        
 ---------------------------------------------------------------------------------------------------- ------------
 lane_1/pcs_acu_glue/acu_top0/acu_suswell_top0/acu_suswell_pwrctrl0/os_dig_isolation_en_h             output pin  
 lane_1/pcs_acu_glue/acu_top0/acu_suswell_top0/acu_suswell_pwrctrl0/I_AND_os_dig_isolation_en_h/OUT   BITWISE_AND 
 lane_1/pcs_acu_glue/acu_top0/acu_suswell_top0/acu_suswell_pwrctrl0/os_dig_isolation_en_h_pre_scan/Q  SEQ_FF      
----------------------------------------------------------------------
Elements-Family lane_1/pcs_acu_glue/acu_top0/acu_suswell_top0/acu_suswell_pwrctrl0/os_dig_isolation_en_h%lane_1/dl_ugt/and_iso_diggt_dig_out%lane_1/core_output_els/o_vccdg_isolation_en_h
Elements-Family lane_1/pcs_acu_glue/acu_top0/acu_suswell_top0/acu_suswell_pwrctrl0/os_dig_isolation_en_h%lane_1/dl_sus/dl_dig_to_sus_and_iso%lane_1/pcs_acu_glue/acu_top0/acu_suswell_top0/os_vccdg_isolation_en_h
Elements-Family lane_1/pcs_acu_glue/acu_top0/acu_suswell_top0/acu_suswell_pwrctrl0/os_dig_isolation_en_h%lane_1/dl_dig_to_ana/dl_dig_to_ana_and_iso%lane_1/pcs_acu_glue/acu_top0/acu_vnnaon_top0/oa_vccdg_isolation_en_h
End-of lane_1/pcs_acu_glue/acu_top0/acu_suswell_top0/acu_suswell_pwrctrl0/os_dig_isolation_en_h driver


Start-of lane_5/pcs_acu_glue/acu_top0/acu_suswell_top0/acu_suswell_pwrctrl0/os_dig_isolation_en_h
[Info] REPORT_TRACE_PATHS_HEADER: path info:
 Point                                                                                                Type        
 ---------------------------------------------------------------------------------------------------- ------------
 lane_5/pcs_acu_glue/acu_top0/acu_suswell_top0/acu_suswell_pwrctrl0/os_dig_isolation_en_h             output pin  
 lane_5/pcs_acu_glue/acu_top0/acu_suswell_top0/acu_suswell_pwrctrl0/I_AND_os_dig_isolation_en_h/OUT   BITWISE_AND 
 lane_5/pcs_acu_glue/acu_top0/acu_suswell_top0/acu_suswell_pwrctrl0/os_dig_isolation_en_h_pre_scan/Q  SEQ_FF      
----------------------------------------------------------------------
Elements-Family lane_5/pcs_acu_glue/acu_top0/acu_suswell_top0/acu_suswell_pwrctrl0/os_dig_isolation_en_h%lane_5/dl_ugt/and_iso_diggt_dig_out%lane_5/core_output_els/o_vccdg_isolation_en_h
Elements-Family lane_5/pcs_acu_glue/acu_top0/acu_suswell_top0/acu_suswell_pwrctrl0/os_dig_isolation_en_h%lane_5/dl_sus/dl_dig_to_sus_and_iso%lane_5/pcs_acu_glue/acu_top0/acu_suswell_top0/os_vccdg_isolation_en_h
Elements-Family lane_5/pcs_acu_glue/acu_top0/acu_suswell_top0/acu_suswell_pwrctrl0/os_dig_isolation_en_h%lane_5/dl_dig_to_ana/dl_dig_to_ana_and_iso%lane_5/pcs_acu_glue/acu_top0/acu_vnnaon_top0/oa_vccdg_isolation_en_h
End-of lane_5/pcs_acu_glue/acu_top0/acu_suswell_top0/acu_suswell_pwrctrl0/os_dig_isolation_en_h driver


Start-of lane_14/pcs_acu_glue/acu_top0/acu_suswell_top0/acu_suswell_pwrctrl0/os_dig_isolation_en_h
[Info] REPORT_TRACE_PATHS_HEADER: path info:
 Point                                                                                                 Type        
 ----------------------------------------------------------------------------------------------------- ------------
 lane_14/pcs_acu_glue/acu_top0/acu_suswell_top0/acu_suswell_pwrctrl0/os_dig_isolation_en_h             output pin  
 lane_14/pcs_acu_glue/acu_top0/acu_suswell_top0/acu_suswell_pwrctrl0/I_AND_os_dig_isolation_en_h/OUT   BITWISE_AND 
 lane_14/pcs_acu_glue/acu_top0/acu_suswell_top0/acu_suswell_pwrctrl0/os_dig_isolation_en_h_pre_scan/Q  SEQ_FF      
----------------------------------------------------------------------
Elements-Family lane_14/pcs_acu_glue/acu_top0/acu_suswell_top0/acu_suswell_pwrctrl0/os_dig_isolation_en_h%lane_14/dl_ugt/and_iso_diggt_dig_out%lane_14/core_output_els/o_vccdg_isolation_en_h
Elements-Family lane_14/pcs_acu_glue/acu_top0/acu_suswell_top0/acu_suswell_pwrctrl0/os_dig_isolation_en_h%lane_14/dl_sus/dl_dig_to_sus_and_iso%lane_14/pcs_acu_glue/acu_top0/acu_suswell_top0/os_vccdg_isolation_en_h
Elements-Family lane_14/pcs_acu_glue/acu_top0/acu_suswell_top0/acu_suswell_pwrctrl0/os_dig_isolation_en_h%lane_14/dl_dig_to_ana/dl_dig_to_ana_and_iso%lane_14/pcs_acu_glue/acu_top0/acu_vnnaon_top0/oa_vccdg_isolation_en_h
End-of lane_14/pcs_acu_glue/acu_top0/acu_suswell_top0/acu_suswell_pwrctrl0/os_dig_isolation_en_h driver


Start-of lane_8/pcs_acu_glue/acu_top0/acu_suswell_top0/acu_suswell_pwrctrl0/os_dig_isolation_en_h
[Info] REPORT_TRACE_PATHS_HEADER: path info:
 Point                                                                                                Type        
 ---------------------------------------------------------------------------------------------------- ------------
 lane_8/pcs_acu_glue/acu_top0/acu_suswell_top0/acu_suswell_pwrctrl0/os_dig_isolation_en_h             output pin  
 lane_8/pcs_acu_glue/acu_top0/acu_suswell_top0/acu_suswell_pwrctrl0/I_AND_os_dig_isolation_en_h/OUT   BITWISE_AND 
 lane_8/pcs_acu_glue/acu_top0/acu_suswell_top0/acu_suswell_pwrctrl0/os_dig_isolation_en_h_pre_scan/Q  SEQ_FF      
----------------------------------------------------------------------
Elements-Family lane_8/pcs_acu_glue/acu_top0/acu_suswell_top0/acu_suswell_pwrctrl0/os_dig_isolation_en_h%lane_8/dl_ugt/and_iso_diggt_dig_out%lane_8/core_output_els/o_vccdg_isolation_en_h
Elements-Family lane_8/pcs_acu_glue/acu_top0/acu_suswell_top0/acu_suswell_pwrctrl0/os_dig_isolation_en_h%lane_8/dl_sus/dl_dig_to_sus_and_iso%lane_8/pcs_acu_glue/acu_top0/acu_suswell_top0/os_vccdg_isolation_en_h
Elements-Family lane_8/pcs_acu_glue/acu_top0/acu_suswell_top0/acu_suswell_pwrctrl0/os_dig_isolation_en_h%lane_8/dl_dig_to_ana/dl_dig_to_ana_and_iso%lane_8/pcs_acu_glue/acu_top0/acu_vnnaon_top0/oa_vccdg_isolation_en_h
End-of lane_8/pcs_acu_glue/acu_top0/acu_suswell_top0/acu_suswell_pwrctrl0/os_dig_isolation_en_h driver


Start-of lane_9/pcs_acu_glue/acu_top0/acu_suswell_top0/acu_suswell_pwrctrl0/os_dig_isolation_en_h
[Info] REPORT_TRACE_PATHS_HEADER: path info:
 Point                                                                                                Type        
 ---------------------------------------------------------------------------------------------------- ------------
 lane_9/pcs_acu_glue/acu_top0/acu_suswell_top0/acu_suswell_pwrctrl0/os_dig_isolation_en_h             output pin  
 lane_9/pcs_acu_glue/acu_top0/acu_suswell_top0/acu_suswell_pwrctrl0/I_AND_os_dig_isolation_en_h/OUT   BITWISE_AND 
 lane_9/pcs_acu_glue/acu_top0/acu_suswell_top0/acu_suswell_pwrctrl0/os_dig_isolation_en_h_pre_scan/Q  SEQ_FF      
----------------------------------------------------------------------
Elements-Family lane_9/pcs_acu_glue/acu_top0/acu_suswell_top0/acu_suswell_pwrctrl0/os_dig_isolation_en_h%lane_9/dl_ugt/and_iso_diggt_dig_out%lane_9/core_output_els/o_vccdg_isolation_en_h
Elements-Family lane_9/pcs_acu_glue/acu_top0/acu_suswell_top0/acu_suswell_pwrctrl0/os_dig_isolation_en_h%lane_9/dl_sus/dl_dig_to_sus_and_iso%lane_9/pcs_acu_glue/acu_top0/acu_suswell_top0/os_vccdg_isolation_en_h
Elements-Family lane_9/pcs_acu_glue/acu_top0/acu_suswell_top0/acu_suswell_pwrctrl0/os_dig_isolation_en_h%lane_9/dl_dig_to_ana/dl_dig_to_ana_and_iso%lane_9/pcs_acu_glue/acu_top0/acu_vnnaon_top0/oa_vccdg_isolation_en_h
End-of lane_9/pcs_acu_glue/acu_top0/acu_suswell_top0/acu_suswell_pwrctrl0/os_dig_isolation_en_h driver


Start-of lane_4/pcs_acu_glue/acu_top0/acu_suswell_top0/acu_suswell_pwrctrl0/os_dig_isolation_en_h
[Info] REPORT_TRACE_PATHS_HEADER: path info:
 Point                                                                                                Type        
 ---------------------------------------------------------------------------------------------------- ------------
 lane_4/pcs_acu_glue/acu_top0/acu_suswell_top0/acu_suswell_pwrctrl0/os_dig_isolation_en_h             output pin  
 lane_4/pcs_acu_glue/acu_top0/acu_suswell_top0/acu_suswell_pwrctrl0/I_AND_os_dig_isolation_en_h/OUT   BITWISE_AND 
 lane_4/pcs_acu_glue/acu_top0/acu_suswell_top0/acu_suswell_pwrctrl0/os_dig_isolation_en_h_pre_scan/Q  SEQ_FF      
----------------------------------------------------------------------
Elements-Family lane_4/pcs_acu_glue/acu_top0/acu_suswell_top0/acu_suswell_pwrctrl0/os_dig_isolation_en_h%lane_4/dl_ugt/and_iso_diggt_dig_out%lane_4/core_output_els/o_vccdg_isolation_en_h
Elements-Family lane_4/pcs_acu_glue/acu_top0/acu_suswell_top0/acu_suswell_pwrctrl0/os_dig_isolation_en_h%lane_4/dl_sus/dl_dig_to_sus_and_iso%lane_4/pcs_acu_glue/acu_top0/acu_suswell_top0/os_vccdg_isolation_en_h
Elements-Family lane_4/pcs_acu_glue/acu_top0/acu_suswell_top0/acu_suswell_pwrctrl0/os_dig_isolation_en_h%lane_4/dl_dig_to_ana/dl_dig_to_ana_and_iso%lane_4/pcs_acu_glue/acu_top0/acu_vnnaon_top0/oa_vccdg_isolation_en_h
End-of lane_4/pcs_acu_glue/acu_top0/acu_suswell_top0/acu_suswell_pwrctrl0/os_dig_isolation_en_h driver


Start-of lane_7/pcs_acu_glue/acu_top0/acu_suswell_top0/acu_suswell_pwrctrl0/os_dig_isolation_en_h
[Info] REPORT_TRACE_PATHS_HEADER: path info:
 Point                                                                                                Type        
 ---------------------------------------------------------------------------------------------------- ------------
 lane_7/pcs_acu_glue/acu_top0/acu_suswell_top0/acu_suswell_pwrctrl0/os_dig_isolation_en_h             output pin  
 lane_7/pcs_acu_glue/acu_top0/acu_suswell_top0/acu_suswell_pwrctrl0/I_AND_os_dig_isolation_en_h/OUT   BITWISE_AND 
 lane_7/pcs_acu_glue/acu_top0/acu_suswell_top0/acu_suswell_pwrctrl0/os_dig_isolation_en_h_pre_scan/Q  SEQ_FF      
----------------------------------------------------------------------
Elements-Family lane_7/pcs_acu_glue/acu_top0/acu_suswell_top0/acu_suswell_pwrctrl0/os_dig_isolation_en_h%lane_7/dl_ugt/and_iso_diggt_dig_out%lane_7/core_output_els/o_vccdg_isolation_en_h
Elements-Family lane_7/pcs_acu_glue/acu_top0/acu_suswell_top0/acu_suswell_pwrctrl0/os_dig_isolation_en_h%lane_7/dl_sus/dl_dig_to_sus_and_iso%lane_7/pcs_acu_glue/acu_top0/acu_suswell_top0/os_vccdg_isolation_en_h
Elements-Family lane_7/pcs_acu_glue/acu_top0/acu_suswell_top0/acu_suswell_pwrctrl0/os_dig_isolation_en_h%lane_7/dl_dig_to_ana/dl_dig_to_ana_and_iso%lane_7/pcs_acu_glue/acu_top0/acu_vnnaon_top0/oa_vccdg_isolation_en_h
End-of lane_7/pcs_acu_glue/acu_top0/acu_suswell_top0/acu_suswell_pwrctrl0/os_dig_isolation_en_h driver


Start-of lane_0/pcs_acu_glue/acu_top0/acu_suswell_top0/acu_suswell_pwrctrl0/os_dig_isolation_en_h
[Info] REPORT_TRACE_PATHS_HEADER: path info:
 Point                                                                                                Type        
 ---------------------------------------------------------------------------------------------------- ------------
 lane_0/pcs_acu_glue/acu_top0/acu_suswell_top0/acu_suswell_pwrctrl0/os_dig_isolation_en_h             output pin  
 lane_0/pcs_acu_glue/acu_top0/acu_suswell_top0/acu_suswell_pwrctrl0/I_AND_os_dig_isolation_en_h/OUT   BITWISE_AND 
 lane_0/pcs_acu_glue/acu_top0/acu_suswell_top0/acu_suswell_pwrctrl0/os_dig_isolation_en_h_pre_scan/Q  SEQ_FF      
----------------------------------------------------------------------
Elements-Family lane_0/pcs_acu_glue/acu_top0/acu_suswell_top0/acu_suswell_pwrctrl0/os_dig_isolation_en_h%lane_0/dl_ugt/and_iso_diggt_dig_out%lane_0/core_output_els/o_vccdg_isolation_en_h
Elements-Family lane_0/pcs_acu_glue/acu_top0/acu_suswell_top0/acu_suswell_pwrctrl0/os_dig_isolation_en_h%lane_0/dl_sus/dl_dig_to_sus_and_iso%lane_0/pcs_acu_glue/acu_top0/acu_suswell_top0/os_vccdg_isolation_en_h
Elements-Family lane_0/pcs_acu_glue/acu_top0/acu_suswell_top0/acu_suswell_pwrctrl0/os_dig_isolation_en_h%lane_0/dl_dig_to_ana/dl_dig_to_ana_and_iso%lane_0/pcs_acu_glue/acu_top0/acu_vnnaon_top0/oa_vccdg_isolation_en_h
End-of lane_0/pcs_acu_glue/acu_top0/acu_suswell_top0/acu_suswell_pwrctrl0/os_dig_isolation_en_h driver


Start-of lane_7/pcs_acu_glue/acu_top0/acu_vnnaon_top0/acu_aonwell_pwrctrl0/oa_sus_isolation_en_h
[Info] REPORT_TRACE_PATHS_HEADER: path info:
 Point                                                                                               Type        
 --------------------------------------------------------------------------------------------------- ------------
 lane_7/pcs_acu_glue/acu_top0/acu_vnnaon_top0/acu_aonwell_pwrctrl0/oa_sus_isolation_en_h             output pin  
 lane_7/pcs_acu_glue/acu_top0/acu_vnnaon_top0/acu_aonwell_pwrctrl0/I_AND_oa_sus_isolation_en_h/OUT   BITWISE_AND 
 lane_7/pcs_acu_glue/acu_top0/acu_vnnaon_top0/acu_aonwell_pwrctrl0/oa_sus_isolation_en_h_pre_scan/Q  SEQ_FF      
----------------------------------------------------------------------
Elements-Family lane_7/pcs_acu_glue/acu_top0/acu_vnnaon_top0/acu_aonwell_pwrctrl0/oa_sus_isolation_en_h%lane_7/dl_ugt/and_iso_susgt_dig_out%lane_7/core_output_els/o_sus_isolation_en_h
Elements-Family lane_7/pcs_acu_glue/acu_top0/acu_vnnaon_top0/acu_aonwell_pwrctrl0/oa_sus_isolation_en_h%lane_7/dl_ugt/dl_sus_to_ugt_and_iso%lane_7/pcs_acu_glue/acu_top0/acu_vnnaon_top0/oa_sus_isolation_en_h
End-of lane_7/pcs_acu_glue/acu_top0/acu_vnnaon_top0/acu_aonwell_pwrctrl0/oa_sus_isolation_en_h driver


Start-of lane_15/pcs_acu_glue/acu_top0/acu_vnnaon_top0/acu_aonwell_pwrctrl0/oa_sus_isolation_en_h
[Info] REPORT_TRACE_PATHS_HEADER: path info:
 Point                                                                                                Type        
 ---------------------------------------------------------------------------------------------------- ------------
 lane_15/pcs_acu_glue/acu_top0/acu_vnnaon_top0/acu_aonwell_pwrctrl0/oa_sus_isolation_en_h             output pin  
 lane_15/pcs_acu_glue/acu_top0/acu_vnnaon_top0/acu_aonwell_pwrctrl0/I_AND_oa_sus_isolation_en_h/OUT   BITWISE_AND 
 lane_15/pcs_acu_glue/acu_top0/acu_vnnaon_top0/acu_aonwell_pwrctrl0/oa_sus_isolation_en_h_pre_scan/Q  SEQ_FF      
----------------------------------------------------------------------
Elements-Family lane_15/pcs_acu_glue/acu_top0/acu_vnnaon_top0/acu_aonwell_pwrctrl0/oa_sus_isolation_en_h%lane_15/dl_ugt/and_iso_susgt_dig_out%lane_15/core_output_els/o_sus_isolation_en_h
Elements-Family lane_15/pcs_acu_glue/acu_top0/acu_vnnaon_top0/acu_aonwell_pwrctrl0/oa_sus_isolation_en_h%lane_15/dl_ugt/dl_sus_to_ugt_and_iso%lane_15/pcs_acu_glue/acu_top0/acu_vnnaon_top0/oa_sus_isolation_en_h
End-of lane_15/pcs_acu_glue/acu_top0/acu_vnnaon_top0/acu_aonwell_pwrctrl0/oa_sus_isolation_en_h driver


Start-of lane_9/pcs_acu_glue/acu_top0/acu_vnnaon_top0/acu_aonwell_pwrctrl0/oa_sus_isolation_en_h
[Info] REPORT_TRACE_PATHS_HEADER: path info:
 Point                                                                                               Type        
 --------------------------------------------------------------------------------------------------- ------------
 lane_9/pcs_acu_glue/acu_top0/acu_vnnaon_top0/acu_aonwell_pwrctrl0/oa_sus_isolation_en_h             output pin  
 lane_9/pcs_acu_glue/acu_top0/acu_vnnaon_top0/acu_aonwell_pwrctrl0/I_AND_oa_sus_isolation_en_h/OUT   BITWISE_AND 
 lane_9/pcs_acu_glue/acu_top0/acu_vnnaon_top0/acu_aonwell_pwrctrl0/oa_sus_isolation_en_h_pre_scan/Q  SEQ_FF      
----------------------------------------------------------------------
Elements-Family lane_9/pcs_acu_glue/acu_top0/acu_vnnaon_top0/acu_aonwell_pwrctrl0/oa_sus_isolation_en_h%lane_9/dl_ugt/and_iso_susgt_dig_out%lane_9/core_output_els/o_sus_isolation_en_h
Elements-Family lane_9/pcs_acu_glue/acu_top0/acu_vnnaon_top0/acu_aonwell_pwrctrl0/oa_sus_isolation_en_h%lane_9/dl_ugt/dl_sus_to_ugt_and_iso%lane_9/pcs_acu_glue/acu_top0/acu_vnnaon_top0/oa_sus_isolation_en_h
End-of lane_9/pcs_acu_glue/acu_top0/acu_vnnaon_top0/acu_aonwell_pwrctrl0/oa_sus_isolation_en_h driver


Start-of lane_0/pcs_acu_glue/acu_top0/acu_vnnaon_top0/acu_aonwell_pwrctrl0/oa_sus_isolation_en_h
[Info] REPORT_TRACE_PATHS_HEADER: path info:
 Point                                                                                               Type        
 --------------------------------------------------------------------------------------------------- ------------
 lane_0/pcs_acu_glue/acu_top0/acu_vnnaon_top0/acu_aonwell_pwrctrl0/oa_sus_isolation_en_h             output pin  
 lane_0/pcs_acu_glue/acu_top0/acu_vnnaon_top0/acu_aonwell_pwrctrl0/I_AND_oa_sus_isolation_en_h/OUT   BITWISE_AND 
 lane_0/pcs_acu_glue/acu_top0/acu_vnnaon_top0/acu_aonwell_pwrctrl0/oa_sus_isolation_en_h_pre_scan/Q  SEQ_FF      
----------------------------------------------------------------------
Elements-Family lane_0/pcs_acu_glue/acu_top0/acu_vnnaon_top0/acu_aonwell_pwrctrl0/oa_sus_isolation_en_h%lane_0/dl_ugt/and_iso_susgt_dig_out%lane_0/core_output_els/o_sus_isolation_en_h
Elements-Family lane_0/pcs_acu_glue/acu_top0/acu_vnnaon_top0/acu_aonwell_pwrctrl0/oa_sus_isolation_en_h%lane_0/dl_ugt/dl_sus_to_ugt_and_iso%lane_0/pcs_acu_glue/acu_top0/acu_vnnaon_top0/oa_sus_isolation_en_h
End-of lane_0/pcs_acu_glue/acu_top0/acu_vnnaon_top0/acu_aonwell_pwrctrl0/oa_sus_isolation_en_h driver


Start-of lane_5/pcs_acu_glue/acu_top0/acu_vnnaon_top0/acu_aonwell_pwrctrl0/oa_sus_isolation_en_h
[Info] REPORT_TRACE_PATHS_HEADER: path info:
 Point                                                                                               Type        
 --------------------------------------------------------------------------------------------------- ------------
 lane_5/pcs_acu_glue/acu_top0/acu_vnnaon_top0/acu_aonwell_pwrctrl0/oa_sus_isolation_en_h             output pin  
 lane_5/pcs_acu_glue/acu_top0/acu_vnnaon_top0/acu_aonwell_pwrctrl0/I_AND_oa_sus_isolation_en_h/OUT   BITWISE_AND 
 lane_5/pcs_acu_glue/acu_top0/acu_vnnaon_top0/acu_aonwell_pwrctrl0/oa_sus_isolation_en_h_pre_scan/Q  SEQ_FF      
----------------------------------------------------------------------
Elements-Family lane_5/pcs_acu_glue/acu_top0/acu_vnnaon_top0/acu_aonwell_pwrctrl0/oa_sus_isolation_en_h%lane_5/dl_ugt/and_iso_susgt_dig_out%lane_5/core_output_els/o_sus_isolation_en_h
Elements-Family lane_5/pcs_acu_glue/acu_top0/acu_vnnaon_top0/acu_aonwell_pwrctrl0/oa_sus_isolation_en_h%lane_5/dl_ugt/dl_sus_to_ugt_and_iso%lane_5/pcs_acu_glue/acu_top0/acu_vnnaon_top0/oa_sus_isolation_en_h
End-of lane_5/pcs_acu_glue/acu_top0/acu_vnnaon_top0/acu_aonwell_pwrctrl0/oa_sus_isolation_en_h driver


Start-of lane_2/pcs_acu_glue/acu_top0/acu_vnnaon_top0/acu_aonwell_pwrctrl0/oa_sus_isolation_en_h
[Info] REPORT_TRACE_PATHS_HEADER: path info:
 Point                                                                                               Type        
 --------------------------------------------------------------------------------------------------- ------------
 lane_2/pcs_acu_glue/acu_top0/acu_vnnaon_top0/acu_aonwell_pwrctrl0/oa_sus_isolation_en_h             output pin  
 lane_2/pcs_acu_glue/acu_top0/acu_vnnaon_top0/acu_aonwell_pwrctrl0/I_AND_oa_sus_isolation_en_h/OUT   BITWISE_AND 
 lane_2/pcs_acu_glue/acu_top0/acu_vnnaon_top0/acu_aonwell_pwrctrl0/oa_sus_isolation_en_h_pre_scan/Q  SEQ_FF      
----------------------------------------------------------------------
Elements-Family lane_2/pcs_acu_glue/acu_top0/acu_vnnaon_top0/acu_aonwell_pwrctrl0/oa_sus_isolation_en_h%lane_2/dl_ugt/and_iso_susgt_dig_out%lane_2/core_output_els/o_sus_isolation_en_h
Elements-Family lane_2/pcs_acu_glue/acu_top0/acu_vnnaon_top0/acu_aonwell_pwrctrl0/oa_sus_isolation_en_h%lane_2/dl_ugt/dl_sus_to_ugt_and_iso%lane_2/pcs_acu_glue/acu_top0/acu_vnnaon_top0/oa_sus_isolation_en_h
End-of lane_2/pcs_acu_glue/acu_top0/acu_vnnaon_top0/acu_aonwell_pwrctrl0/oa_sus_isolation_en_h driver


Start-of lane_8/pcs_acu_glue/acu_top0/acu_vnnaon_top0/acu_aonwell_pwrctrl0/oa_sus_isolation_en_h
[Info] REPORT_TRACE_PATHS_HEADER: path info:
 Point                                                                                               Type        
 --------------------------------------------------------------------------------------------------- ------------
 lane_8/pcs_acu_glue/acu_top0/acu_vnnaon_top0/acu_aonwell_pwrctrl0/oa_sus_isolation_en_h             output pin  
 lane_8/pcs_acu_glue/acu_top0/acu_vnnaon_top0/acu_aonwell_pwrctrl0/I_AND_oa_sus_isolation_en_h/OUT   BITWISE_AND 
 lane_8/pcs_acu_glue/acu_top0/acu_vnnaon_top0/acu_aonwell_pwrctrl0/oa_sus_isolation_en_h_pre_scan/Q  SEQ_FF      
----------------------------------------------------------------------
Elements-Family lane_8/pcs_acu_glue/acu_top0/acu_vnnaon_top0/acu_aonwell_pwrctrl0/oa_sus_isolation_en_h%lane_8/dl_ugt/and_iso_susgt_dig_out%lane_8/core_output_els/o_sus_isolation_en_h
Elements-Family lane_8/pcs_acu_glue/acu_top0/acu_vnnaon_top0/acu_aonwell_pwrctrl0/oa_sus_isolation_en_h%lane_8/dl_ugt/dl_sus_to_ugt_and_iso%lane_8/pcs_acu_glue/acu_top0/acu_vnnaon_top0/oa_sus_isolation_en_h
End-of lane_8/pcs_acu_glue/acu_top0/acu_vnnaon_top0/acu_aonwell_pwrctrl0/oa_sus_isolation_en_h driver


Start-of lane_6/pcs_acu_glue/acu_top0/acu_vnnaon_top0/acu_aonwell_pwrctrl0/oa_sus_isolation_en_h
[Info] REPORT_TRACE_PATHS_HEADER: path info:
 Point                                                                                               Type        
 --------------------------------------------------------------------------------------------------- ------------
 lane_6/pcs_acu_glue/acu_top0/acu_vnnaon_top0/acu_aonwell_pwrctrl0/oa_sus_isolation_en_h             output pin  
 lane_6/pcs_acu_glue/acu_top0/acu_vnnaon_top0/acu_aonwell_pwrctrl0/I_AND_oa_sus_isolation_en_h/OUT   BITWISE_AND 
 lane_6/pcs_acu_glue/acu_top0/acu_vnnaon_top0/acu_aonwell_pwrctrl0/oa_sus_isolation_en_h_pre_scan/Q  SEQ_FF      
----------------------------------------------------------------------
Elements-Family lane_6/pcs_acu_glue/acu_top0/acu_vnnaon_top0/acu_aonwell_pwrctrl0/oa_sus_isolation_en_h%lane_6/dl_ugt/and_iso_susgt_dig_out%lane_6/core_output_els/o_sus_isolation_en_h
Elements-Family lane_6/pcs_acu_glue/acu_top0/acu_vnnaon_top0/acu_aonwell_pwrctrl0/oa_sus_isolation_en_h%lane_6/dl_ugt/dl_sus_to_ugt_and_iso%lane_6/pcs_acu_glue/acu_top0/acu_vnnaon_top0/oa_sus_isolation_en_h
End-of lane_6/pcs_acu_glue/acu_top0/acu_vnnaon_top0/acu_aonwell_pwrctrl0/oa_sus_isolation_en_h driver


Start-of lane_3/pcs_acu_glue/acu_top0/acu_vnnaon_top0/acu_aonwell_pwrctrl0/oa_sus_isolation_en_h
[Info] REPORT_TRACE_PATHS_HEADER: path info:
 Point                                                                                               Type        
 --------------------------------------------------------------------------------------------------- ------------
 lane_3/pcs_acu_glue/acu_top0/acu_vnnaon_top0/acu_aonwell_pwrctrl0/oa_sus_isolation_en_h             output pin  
 lane_3/pcs_acu_glue/acu_top0/acu_vnnaon_top0/acu_aonwell_pwrctrl0/I_AND_oa_sus_isolation_en_h/OUT   BITWISE_AND 
 lane_3/pcs_acu_glue/acu_top0/acu_vnnaon_top0/acu_aonwell_pwrctrl0/oa_sus_isolation_en_h_pre_scan/Q  SEQ_FF      
----------------------------------------------------------------------
Elements-Family lane_3/pcs_acu_glue/acu_top0/acu_vnnaon_top0/acu_aonwell_pwrctrl0/oa_sus_isolation_en_h%lane_3/dl_ugt/and_iso_susgt_dig_out%lane_3/core_output_els/o_sus_isolation_en_h
Elements-Family lane_3/pcs_acu_glue/acu_top0/acu_vnnaon_top0/acu_aonwell_pwrctrl0/oa_sus_isolation_en_h%lane_3/dl_ugt/dl_sus_to_ugt_and_iso%lane_3/pcs_acu_glue/acu_top0/acu_vnnaon_top0/oa_sus_isolation_en_h
End-of lane_3/pcs_acu_glue/acu_top0/acu_vnnaon_top0/acu_aonwell_pwrctrl0/oa_sus_isolation_en_h driver


Start-of lane_12/pcs_acu_glue/acu_top0/acu_vnnaon_top0/acu_aonwell_pwrctrl0/oa_sus_isolation_en_h
[Info] REPORT_TRACE_PATHS_HEADER: path info:
 Point                                                                                                Type        
 ---------------------------------------------------------------------------------------------------- ------------
 lane_12/pcs_acu_glue/acu_top0/acu_vnnaon_top0/acu_aonwell_pwrctrl0/oa_sus_isolation_en_h             output pin  
 lane_12/pcs_acu_glue/acu_top0/acu_vnnaon_top0/acu_aonwell_pwrctrl0/I_AND_oa_sus_isolation_en_h/OUT   BITWISE_AND 
 lane_12/pcs_acu_glue/acu_top0/acu_vnnaon_top0/acu_aonwell_pwrctrl0/oa_sus_isolation_en_h_pre_scan/Q  SEQ_FF      
----------------------------------------------------------------------
Elements-Family lane_12/pcs_acu_glue/acu_top0/acu_vnnaon_top0/acu_aonwell_pwrctrl0/oa_sus_isolation_en_h%lane_12/dl_ugt/and_iso_susgt_dig_out%lane_12/core_output_els/o_sus_isolation_en_h
Elements-Family lane_12/pcs_acu_glue/acu_top0/acu_vnnaon_top0/acu_aonwell_pwrctrl0/oa_sus_isolation_en_h%lane_12/dl_ugt/dl_sus_to_ugt_and_iso%lane_12/pcs_acu_glue/acu_top0/acu_vnnaon_top0/oa_sus_isolation_en_h
End-of lane_12/pcs_acu_glue/acu_top0/acu_vnnaon_top0/acu_aonwell_pwrctrl0/oa_sus_isolation_en_h driver


Start-of lane_14/pcs_acu_glue/acu_top0/acu_vnnaon_top0/acu_aonwell_pwrctrl0/oa_sus_isolation_en_h
[Info] REPORT_TRACE_PATHS_HEADER: path info:
 Point                                                                                                Type        
 ---------------------------------------------------------------------------------------------------- ------------
 lane_14/pcs_acu_glue/acu_top0/acu_vnnaon_top0/acu_aonwell_pwrctrl0/oa_sus_isolation_en_h             output pin  
 lane_14/pcs_acu_glue/acu_top0/acu_vnnaon_top0/acu_aonwell_pwrctrl0/I_AND_oa_sus_isolation_en_h/OUT   BITWISE_AND 
 lane_14/pcs_acu_glue/acu_top0/acu_vnnaon_top0/acu_aonwell_pwrctrl0/oa_sus_isolation_en_h_pre_scan/Q  SEQ_FF      
----------------------------------------------------------------------
Elements-Family lane_14/pcs_acu_glue/acu_top0/acu_vnnaon_top0/acu_aonwell_pwrctrl0/oa_sus_isolation_en_h%lane_14/dl_ugt/and_iso_susgt_dig_out%lane_14/core_output_els/o_sus_isolation_en_h
Elements-Family lane_14/pcs_acu_glue/acu_top0/acu_vnnaon_top0/acu_aonwell_pwrctrl0/oa_sus_isolation_en_h%lane_14/dl_ugt/dl_sus_to_ugt_and_iso%lane_14/pcs_acu_glue/acu_top0/acu_vnnaon_top0/oa_sus_isolation_en_h
End-of lane_14/pcs_acu_glue/acu_top0/acu_vnnaon_top0/acu_aonwell_pwrctrl0/oa_sus_isolation_en_h driver


Start-of lane_13/pcs_acu_glue/acu_top0/acu_vnnaon_top0/acu_aonwell_pwrctrl0/oa_sus_isolation_en_h
[Info] REPORT_TRACE_PATHS_HEADER: path info:
 Point                                                                                                Type        
 ---------------------------------------------------------------------------------------------------- ------------
 lane_13/pcs_acu_glue/acu_top0/acu_vnnaon_top0/acu_aonwell_pwrctrl0/oa_sus_isolation_en_h             output pin  
 lane_13/pcs_acu_glue/acu_top0/acu_vnnaon_top0/acu_aonwell_pwrctrl0/I_AND_oa_sus_isolation_en_h/OUT   BITWISE_AND 
 lane_13/pcs_acu_glue/acu_top0/acu_vnnaon_top0/acu_aonwell_pwrctrl0/oa_sus_isolation_en_h_pre_scan/Q  SEQ_FF      
----------------------------------------------------------------------
Elements-Family lane_13/pcs_acu_glue/acu_top0/acu_vnnaon_top0/acu_aonwell_pwrctrl0/oa_sus_isolation_en_h%lane_13/dl_ugt/and_iso_susgt_dig_out%lane_13/core_output_els/o_sus_isolation_en_h
Elements-Family lane_13/pcs_acu_glue/acu_top0/acu_vnnaon_top0/acu_aonwell_pwrctrl0/oa_sus_isolation_en_h%lane_13/dl_ugt/dl_sus_to_ugt_and_iso%lane_13/pcs_acu_glue/acu_top0/acu_vnnaon_top0/oa_sus_isolation_en_h
End-of lane_13/pcs_acu_glue/acu_top0/acu_vnnaon_top0/acu_aonwell_pwrctrl0/oa_sus_isolation_en_h driver


Start-of lane_1/pcs_acu_glue/acu_top0/acu_vnnaon_top0/acu_aonwell_pwrctrl0/oa_sus_isolation_en_h
[Info] REPORT_TRACE_PATHS_HEADER: path info:
 Point                                                                                               Type        
 --------------------------------------------------------------------------------------------------- ------------
 lane_1/pcs_acu_glue/acu_top0/acu_vnnaon_top0/acu_aonwell_pwrctrl0/oa_sus_isolation_en_h             output pin  
 lane_1/pcs_acu_glue/acu_top0/acu_vnnaon_top0/acu_aonwell_pwrctrl0/I_AND_oa_sus_isolation_en_h/OUT   BITWISE_AND 
 lane_1/pcs_acu_glue/acu_top0/acu_vnnaon_top0/acu_aonwell_pwrctrl0/oa_sus_isolation_en_h_pre_scan/Q  SEQ_FF      
----------------------------------------------------------------------
Elements-Family lane_1/pcs_acu_glue/acu_top0/acu_vnnaon_top0/acu_aonwell_pwrctrl0/oa_sus_isolation_en_h%lane_1/dl_ugt/and_iso_susgt_dig_out%lane_1/core_output_els/o_sus_isolation_en_h
Elements-Family lane_1/pcs_acu_glue/acu_top0/acu_vnnaon_top0/acu_aonwell_pwrctrl0/oa_sus_isolation_en_h%lane_1/dl_ugt/dl_sus_to_ugt_and_iso%lane_1/pcs_acu_glue/acu_top0/acu_vnnaon_top0/oa_sus_isolation_en_h
End-of lane_1/pcs_acu_glue/acu_top0/acu_vnnaon_top0/acu_aonwell_pwrctrl0/oa_sus_isolation_en_h driver


Start-of lane_4/pcs_acu_glue/acu_top0/acu_vnnaon_top0/acu_aonwell_pwrctrl0/oa_sus_isolation_en_h
[Info] REPORT_TRACE_PATHS_HEADER: path info:
 Point                                                                                               Type        
 --------------------------------------------------------------------------------------------------- ------------
 lane_4/pcs_acu_glue/acu_top0/acu_vnnaon_top0/acu_aonwell_pwrctrl0/oa_sus_isolation_en_h             output pin  
 lane_4/pcs_acu_glue/acu_top0/acu_vnnaon_top0/acu_aonwell_pwrctrl0/I_AND_oa_sus_isolation_en_h/OUT   BITWISE_AND 
 lane_4/pcs_acu_glue/acu_top0/acu_vnnaon_top0/acu_aonwell_pwrctrl0/oa_sus_isolation_en_h_pre_scan/Q  SEQ_FF      
----------------------------------------------------------------------
Elements-Family lane_4/pcs_acu_glue/acu_top0/acu_vnnaon_top0/acu_aonwell_pwrctrl0/oa_sus_isolation_en_h%lane_4/dl_ugt/and_iso_susgt_dig_out%lane_4/core_output_els/o_sus_isolation_en_h
Elements-Family lane_4/pcs_acu_glue/acu_top0/acu_vnnaon_top0/acu_aonwell_pwrctrl0/oa_sus_isolation_en_h%lane_4/dl_ugt/dl_sus_to_ugt_and_iso%lane_4/pcs_acu_glue/acu_top0/acu_vnnaon_top0/oa_sus_isolation_en_h
End-of lane_4/pcs_acu_glue/acu_top0/acu_vnnaon_top0/acu_aonwell_pwrctrl0/oa_sus_isolation_en_h driver


Start-of lane_11/pcs_acu_glue/acu_top0/acu_vnnaon_top0/acu_aonwell_pwrctrl0/oa_sus_isolation_en_h
[Info] REPORT_TRACE_PATHS_HEADER: path info:
 Point                                                                                                Type        
 ---------------------------------------------------------------------------------------------------- ------------
 lane_11/pcs_acu_glue/acu_top0/acu_vnnaon_top0/acu_aonwell_pwrctrl0/oa_sus_isolation_en_h             output pin  
 lane_11/pcs_acu_glue/acu_top0/acu_vnnaon_top0/acu_aonwell_pwrctrl0/I_AND_oa_sus_isolation_en_h/OUT   BITWISE_AND 
 lane_11/pcs_acu_glue/acu_top0/acu_vnnaon_top0/acu_aonwell_pwrctrl0/oa_sus_isolation_en_h_pre_scan/Q  SEQ_FF      
----------------------------------------------------------------------
Elements-Family lane_11/pcs_acu_glue/acu_top0/acu_vnnaon_top0/acu_aonwell_pwrctrl0/oa_sus_isolation_en_h%lane_11/dl_ugt/and_iso_susgt_dig_out%lane_11/core_output_els/o_sus_isolation_en_h
Elements-Family lane_11/pcs_acu_glue/acu_top0/acu_vnnaon_top0/acu_aonwell_pwrctrl0/oa_sus_isolation_en_h%lane_11/dl_ugt/dl_sus_to_ugt_and_iso%lane_11/pcs_acu_glue/acu_top0/acu_vnnaon_top0/oa_sus_isolation_en_h
End-of lane_11/pcs_acu_glue/acu_top0/acu_vnnaon_top0/acu_aonwell_pwrctrl0/oa_sus_isolation_en_h driver


Start-of lane_10/pcs_acu_glue/acu_top0/acu_vnnaon_top0/acu_aonwell_pwrctrl0/oa_sus_isolation_en_h
[Info] REPORT_TRACE_PATHS_HEADER: path info:
 Point                                                                                                Type        
 ---------------------------------------------------------------------------------------------------- ------------
 lane_10/pcs_acu_glue/acu_top0/acu_vnnaon_top0/acu_aonwell_pwrctrl0/oa_sus_isolation_en_h             output pin  
 lane_10/pcs_acu_glue/acu_top0/acu_vnnaon_top0/acu_aonwell_pwrctrl0/I_AND_oa_sus_isolation_en_h/OUT   BITWISE_AND 
 lane_10/pcs_acu_glue/acu_top0/acu_vnnaon_top0/acu_aonwell_pwrctrl0/oa_sus_isolation_en_h_pre_scan/Q  SEQ_FF      
----------------------------------------------------------------------
Elements-Family lane_10/pcs_acu_glue/acu_top0/acu_vnnaon_top0/acu_aonwell_pwrctrl0/oa_sus_isolation_en_h%lane_10/dl_ugt/and_iso_susgt_dig_out%lane_10/core_output_els/o_sus_isolation_en_h
Elements-Family lane_10/pcs_acu_glue/acu_top0/acu_vnnaon_top0/acu_aonwell_pwrctrl0/oa_sus_isolation_en_h%lane_10/dl_ugt/dl_sus_to_ugt_and_iso%lane_10/pcs_acu_glue/acu_top0/acu_vnnaon_top0/oa_sus_isolation_en_h
End-of lane_10/pcs_acu_glue/acu_top0/acu_vnnaon_top0/acu_aonwell_pwrctrl0/oa_sus_isolation_en_h driver


Start-of com0/cmnlogic/cmn_vnnaonwell/oa_sus_isolation_en_h_post_scan
[Info] REPORT_TRACE_PATHS_HEADER: path info:
 Point                                                                                                     Type        
 ---------------------------------------------------------------------------------------------------- ------------
 com0/cmnlogic/cmn_vnnaonwell/oa_sus_isolation_en_h_post_scan                                                                                          output pin  
 com0/cmnlogic/cmn_vnnaonwell/I_AND_oa_sus_isolation_en_h_post_scan/OUT                                                                                BITWISE_AND 
 com0/cmnlogic/cmn_vnnaonwell/I_BNOT_N_114/OUT                                                                                                     BITWISE_NOT 
 com0/cmnlogic/cmn_vnnaonwell/bi_scan_disable/o_dfx_fscan_mode_prot                                                                                    output pin  
 com0/cmnlogic/cmn_vnnaonwell/bi_scan_disable/dfx_fscan_mode_bi_prot/o                                                                                 output pin  
 com0/cmnlogic/cmn_vnnaonwell/bi_scan_disable/dfx_fscan_mode_bi_prot/ctech_lib_clk_and_inst/clkout                                                     output pin  
 com0/cmnlogic/cmn_vnnaonwell/bi_scan_disable/dfx_fscan_mode_bi_prot/ctech_lib_clk_and_inst/ctech_lib_clk_and_dcszo2/clkout                            output pin  
 com0/cmnlogic/cmn_vnnaonwell/bi_scan_disable/dfx_fscan_mode_bi_prot/ctech_lib_clk_and_inst/ctech_lib_clk_and_dcszo2/ctech_lib_clk_inv_dcszo1/clkout   INVERTER    
 com0/cmnlogic/cmn_vnnaonwell/bi_scan_disable/dfx_fscan_mode_bi_prot/ctech_lib_clk_and_inst/ctech_lib_clk_and_dcszo1/clkout                            output pin  
 com0/cmnlogic/cmn_vnnaonwell/bi_scan_disable/dfx_fscan_mode_bi_prot/ctech_lib_clk_and_inst/ctech_lib_clk_and_dcszo1/ctech_lib_clk_nand_dcszo1/clkout  NAND        
 com0/cmnlogic/cmn_vnnaonwell/bi_scan_disable/I_BNOT_dfx_bi_mode_b/OUT                                                                                 BITWISE_NOT 
 com0/cmnlogic/cmn_vnnaonwell/bi_scan_disable/I_OR_dfx_bi_mode/OUT                                                                                     BITWISE_OR  
 com0/cmnlogic/cmn_vnnaonwell/bi_scan_disable/I_AND_N_13/OUT                                                                                           BITWISE_AND 
 com0/cmnlogic/cmn_vnnaonwell/bi_scan_disable/I_BNOT_N_12/OUT                                                                                          BITWISE_NOT 
 com0/cmnlogic/i_cmn_dfx_ug/o_enable_scan_isolation                                                                                                    output pin  
 com0/cmnlogic/i_cmn_dfx_ug/cmn_dfxmaster_sus/o_enable_scan_isolation                                                                                  output pin  
 com0/cmnlogic/i_cmn_dfx_ug/cmn_dfxmaster_sus/tap_sus_cfg_datareg/pdataout[28]                                                                         output pin  
 com0/cmnlogic/i_cmn_dfx_ug/cmn_dfxmaster_sus/tap_sus_cfg_datareg/pdataout/Q[28]                                                                       SEQ_FF      
----------------------------------------------------------------------
Elements-Family com0/cmnlogic/cmn_vnnaonwell/oa_sus_isolation_en_h_post_scan%com0/cmn_ramsus_uc1_ram0/cmn_vccdsus_to_ramsus_or_iso_uc1_ram0%com0/cmnlogic/cmn_vnnaonwell/oa_sus_isolation_en_h_post_scan
End-of com0/cmnlogic/cmn_vnnaonwell/oa_sus_isolation_en_h_post_scan driver


